│ ┌────────────────────────────────────────────────────────────────────────────┐
│ │  Info: Found a setup file with "setProjectAnnotations".                    │
│ │  Skipping automatic provisioning of preview annotations to avoid           │
│ │  conflicts. Since Storybook 10.3, "@storybook/addon-vitest" applies these  │
│ │   automatically.                                                           │
│ │  You can safely remove the "setProjectAnnotations" call from your setup    │
│ │  file, or remove the file entirely if you don't have custom code there.    │
│ └────────────────────────────────────────────────────────────────────────────┘

 RUN  v4.0.16 /Users/y.noguchi/Code/eumenes/packages/design-system

stdout | src/components/ProgressBar/ProgressBar.test.tsx
Test setup running...

stdout | src/components/ProgressBar/ProgressBar.test.tsx
Test setup running...

stdout | src/components/DropdownMenu/DropdownMenu.test.tsx
Test setup running...

stdout | src/components/DropdownMenu/DropdownMenu.test.tsx
Test setup running...

stdout | src/components/ImageViewer/ImageViewer.test.tsx
Test setup running...

stdout | src/components/ImageViewer/ImageViewer.test.tsx
Test setup running...

 ✓ |unit| src/components/ImageViewer/ImageViewer.test.tsx (7 tests) 193ms
 ✓ |unit| src/components/ProgressBar/ProgressBar.test.tsx (11 tests) 253ms
 ✓ |unit| src/components/DropdownMenu/DropdownMenu.test.tsx (19 tests) 796ms

 Test Files  3 passed (3)
      Tests  37 passed (37)
   Start at  12:02:49
   Duration  2.43s (transform 270ms, setup 592ms, import 551ms, tests 1.24s, environment 3.11s)

